# Progress Log — deploy-scripts continuous maintenance

Format per entry:
- 日期 / Date
- 状态 / Status: completed | blocked | in_progress
- 成果 / Change: <描述>
- 验证 / Verified: <命令与结果>
- 提交 / Commit: <hash>

## 2026-08-23
- 状态 / Status: completed
- 成果 / Change: 批次 A（第一组漂移修复与去重，5 项）：
  1) 备份状态投影共享原语下沉 lib/app.sh —— app_conf_trusted_value /
     app_backup_latest_archive_json / app_status_backup_json；8 处重复合一；
     newapi 缺失的配置信任门（owner=root & mode 600/400）补齐，binary_app
     软门静默忽略统一为显式硬门信号。净 -113 行。
  2) cpa-stack 版本合并修复：双组件均未知时 merged installed/latest 由
     "null/null" 字符串改为 JSON null，恢复 status-json 遗留契约
     "version":null。
  3) cyberstrikeai do_update 健康检查失败不再静默：新增本地化 warning
     update_health_failed（含 journal 排查指引），测试收紧要求该警告存在。
  4) 端口冲突预检严格模式：app_check_port_conflict 第三参 strict +
     DEPLOY_FAIL_ON_PORT_CONFLICT=1 环境触发；占用端口在下载/改服务前便宜
     中止，默认行为不变（warn-only）。README 记录。
  5) CN 镜像 opt-in：PIP_INDEX_URL/GOPROXY 全局默认改为官方上游
     （pypi.org / proxy.golang.org），DEPLOY_CN_MIRROR=1 才使用
     tuna/goproxy.cn；显式 env 与已保存配置仍优先。README 记录。
- 验证 / Verified: tools/verify.sh state=passed, update=passed,
  dispatch=passed, guards 中唯一失败项 "check failed: fail_check" 为
  check_run_checks_parallel_cleans_tmpdir 的预期内部输出（单独运行该检查
  EXIT=0）；新增检查 check_state_backup_config_trust_gate /
  check_port_conflict_strict_mode_aborts /
  check_cyberstrikeai_mirrors_are_opt_in 单独运行均通过；
  check_i18n_keys_are_consistent 通过。
- 提交 / Commit: def583b, 36a4c6a, cc1385b, 15cb7ae, fd4490b

## 2026-08-24
- 状态 / Status: completed
- 成果 / Change: 批次 B（杂项清理，2 项提交）：
  1) B1 JSON 转义器统一：共享核心 __deploy_json_escape_unquoted 下沉
     lib/operation.sh（先于 app.sh 加载、可独立 source），两个转义器均委托；
     operation 记录此前缺 \b/\f/C0 转义导致控制字节产生非法 JSON 的缺陷修复；
     新增 check_operation_json_escape_matches_app_json_string 等价性回归。
  2) B2/B3 锁清理与文档：删除 5 个 impl 共 10 处误导性显式 release_lock
     （exit handler 已自动释放）；新增 check_no_explicit_release_lock_calls
     防回归；lib/lock.sh 文档化 fd7/8/9 三级锁方案与释放纪律；设计文档
     central-status-and-self-update-design.md 状态 提案→已实现。
- 验证 / Verified: verify.sh operation=passed, state=passed,
  guards="Guards verification passed" (RC=0)；锁释放路径单独验证：
  acquire→exit 经 exit handler 释放、release_lock 直接解锁 fd9 均通过。
  注：guards 输出中的 "check failed: fail_check" 是
  check_run_checks_parallel_cleans_tmpdir 内部故意失败探测的预期输出，
  不影响退出码（单独运行该检查 rc=0）。
- 提交 / Commit: c15fe06, 8018d36

## 2026-08-24（续）
- 状态 / Status: completed
- 成果 / Change: 批次 B4：DEPLOY_APP_SPECS 注册表新增 capabilities 列
  （backup/restore 逗号分隔 token），新增 deploy_app_has_capability 访问器；
  manager_backup_capability 从"加载 impl 后 grep do_backup 源码找
  unsupported_action"改为纯注册表查询——批量备份规划不再加载任何实现，
  探测不再依赖 stub 文案。新增 check_app_registry_capabilities 锁定契约：
  每个应用必须声明列、当前全部含 backup、token 形状校验、探测结果来自注册表。
  blog 额外声明 restore（现有 restore 能力）。
- 验证 / Verified: verify.sh dispatch="Dispatch verification passed"；
  check_app_registry_capabilities / check_backup_all_dry_run 单独运行通过。
- 提交 / Commit: 3f429f7

## 2026-08-24（续 2）
- 状态 / Status: completed
- 成果 / Change: 批次 C1：补齐社区文件——新增 MIT LICENSE（公开仓库此前无协议
  即保留所有权利，使用者无法安全使用/分叉/回馈）并在 README 增加 License 章节；
  新增 SECURITY.md（支持版本=master、GitHub 私密安全通告报告路径、按设计而非
  漏洞处理的部署特性：root:600 明文配置与 root-only 操作日志、安全审查应对照
  的设计不变量：配置信任门/路径安全/原子写入/三级锁/下载校验和）。
- 验证 / Verified: 纯文档变更；git commit 成功，工作区无残留。
- 提交 / Commit: f94fe43

## 2026-08-24（续 3）
- 状态 / Status: completed
- 成果 / Change: 批次 C2：新增 CHANGELOG.md（Keep a Changelog 格式，Unreleased
  段记录本维护周期全部变更：备份投影信任门修复、cpa-stack null 合并修复、
  CyberStrikeAI 健康警告、JSON 转义器统一、严格端口预检、CN 镜像 opt-in、
  注册表 capabilities 列、锁清理、设计文档状态、社区文件与 6 个新守卫检查）。
- 验证 / Verified: 纯文档变更；git commit 成功。
- 提交 / Commit: 818aae9

## 2026-08-24（续 4）
- 状态 / Status: completed
- 成果 / Change: 批次 C3：全量验证当前 HEAD（11 个提交后）。
- 验证 / Verified: bash tools/verify.sh all → ALL_RC=0,
  "Verification passed"，无失败检查（~330 项守卫全过）。
- 提交 / Commit: （验证性运行，无新提交）

## 后续候选推进项（循环评估，按价值/成本排序）
- 杂项清理批次 B：统一 operation_json_escape 与 app_json_string（C0 控制
  字符转义差距）；删除误导性显式 release_lock 调用（lock.sh exit handler
  已自动释放）；文档化 fd 7/8/9 锁方案；更新 central-status-and-self-update-design.md 提案→已实现状态
- DEPLOY_APP_SPECS 增加 capability 列替代 manager_backup grep 源码探测
- ELF 校验 / 健康探测 / preflight_check 去重下沉 lib
- 通知集成（ntfy/gotify 自举）+ deploy.sh notify-config + 更新/备份/失败事件推送
- 备份 manifest + sha256 + verify 动作 + 全应用通用 restore
- 社区文件：LICENSE / CHANGELOG.md / SECURITY.md / issue·PR 模板
- 定时自动更新 schedule、export/import 迁移、compose 支持层（较大特性，
  排在杂项与去重之后）

## 2026-08-24（续 5）
- 状态 / Status: completed
- 成果 / Change: 批次 D1（P0 备份可靠性第一阶段：完整性元数据 + verify 动作）：
  1) 新增 lib/backup.sh 共享原语：原子写入 .sha256 sidecar 与单行
     manifest.json（schema_version/app/archive/sha256/created_at/
     installed_version），fail-closed 校验 backup_verify_archive，最新归档
     JSON 判定 backup_verify_latest_json；sidecar 兼容裸摘要格式。
  2) binary-app 生命周期 _ba_backup 与 blog do_backup 在归档发布后产出
     sha256+manifest，失败仅告警不阻断备份本身。
  3) 新增 per-app verify 动作：blog 自带 do_verify；9 个共享生命周期 impl
     委托 bapp_verify；自定义备份应用（newapi/sub2api/cyberstrikeai/
     vaultwarden/cpa-stack/tickflow）留待下一批次接入。
  4) status-json 备份投影新增 integrity 字段（verified|failed|unverified）。
  5) 4 个新守卫：行为级原语回路（损坏拒绝、跨版本兼容、unverified 上报）
     + 结构级委托与元数据写入覆盖。
- 验证 / Verified: check_backup_integrity_primitives /
  check_binary_impls_have_verify_delegate /
  check_blog_backup_writes_integrity_metadata /
  check_binary_app_backup_writes_integrity_metadata 单独运行均通过；
  check_i18n_keys_are_consistent 通过；改动文件 shellcheck 通过；
  guards 全套仅剩已知预期 fail_check 探测输出。HEAD 上 verify all 结果
  见下一条记录。
- 提交 / Commit: a98c68f

## 2026-08-24（续 6）
- 状态 / Status: completed
- 成果 / Change: 批次 D2（P0 备份可靠性第二阶段：verify 全应用覆盖）：
  1) 判定渲染逻辑从 bapp_verify 下沉为共享 app_verify_latest_backup
     （lib/backup.sh）；bapp_verify 与 blog do_verify 均改为委托。
  2) 6 个自定义备份 impl 补齐 do_verify：newapi / sub2api（含 .sql.gz 双
     glob）/ cyberstrikeai / vaultwarden / cpa_stack / tickflow（安装目录
     派生备份路径）。至此 16 个应用全部支持 verify 动作。
  3) 新增守卫 check_custom_impls_have_verify_delegate 锁定委托契约。
- 验证 / Verified: 改动文件 bash -n + shellcheck 通过；
  check_custom_impls_have_verify_delegate /
  check_binary_impls_have_verify_delegate /
  check_backup_integrity_primitives / check_i18n_keys_are_consistent 通过；
  verify guards 全套仅剩已知预期 fail_check 探测输出；HEAD 上 verify all
  结果见下一条记录。
- 提交 / Commit: e4b0c5b

## 2026-08-24（续 7）
- 状态 / Status: completed
- 成果 / Change: 批次 D3（P0 备份可靠性第三阶段：通用 restore 生命周期）：
  1) 新增 bapp_restore（lib/binary_app.sh）：默认最新归档或
     <APP>_RESTORE_ARCHIVE 覆盖（路径限制在可信备份目录内）；改动任何数据
     前先校验 sha256；拒绝绝对路径/../反斜杠 tar 成员；停服务后原子换
     DATA_DIR（旧数据带时间戳挪走）；重启+健康探测；服务起不来时完整回滚
     数据并重启原服务。
  2) 9 个共享生命周期 impl 全部暴露 do_restore 委托。
  3) 新增守卫 check_shared_impls_have_restore_delegate：同时锁定 per-impl
     委托与 verify/reject/stop/rollback 四要素结构。
  4) CHANGELOG Unreleased 段记录 D1–D3 全部能力。
- 验证 / Verified: 确定性重建 dist 后 verify.sh guards 报告 0 个失败检查
  （FAILED_CHECKS=0）；改动文件 bash -n + shellcheck 通过。
- 提交 / Commit: c24b176

## 2026-08-24（续 8）
- 状态 / Status: completed
- 成果 / Change: 批次 D3 修复：bapp_restore 回滚路径的 systemctl start
  去掉 2>/dev/null 抑制——check_cyberstrikeai_update_rollbacks_report_
  restart_failures 扫描整个打包产物，禁止任何吞掉重启诊断的回滚路径；
  恢复失败时操作者现在能看到服务起不来的真实原因。
- 验证 / Verified: HEAD 上 bash tools/verify.sh all 通过（脚本确认
  "Verification passed" 路径执行完毕）。
- 提交 / Commit: 6ee89a3

## P0 备份可靠性体系进度总览
- [x] 为备份生成 manifest.json（D1）
- [x] 为备份生成并保存 SHA-256（D1）
- [x] 增加 verify 动作（D1 共享生命周期 + D2 全部 16 应用）
- [x] 在 status-json 中显示备份校验状态（D1 integrity 字段）
- [x] 建立通用 restore 生命周期（D3 bapp_restore，9 个共享应用）
- [ ] 统一备份格式和目录规范（部分：新归档已带元数据；存量归档为
      unverified 状态可见；cron 备份脚本尚未写 sidecar——下一批次）
- [ ] 为所有支持备份的应用补齐恢复能力（6 个自定义备份应用的 restore
      待逐个适配其数据布局——后续批次）
- [ ] 增加 cross-version/损坏/路径穿越测试（原语行为检查已含损坏与兼容
      用例；restore 行为级测试待补）
- [x] 守卫：check_backup_integrity_primitives /
      check_binary_impls_have_verify_delegate /
      check_custom_impls_have_verify_delegate /
      check_shared_impls_have_restore_delegate /
      check_blog_backup_writes_integrity_metadata /
      check_binary_app_backup_writes_integrity_metadata

## 2026-08-25
- 状态 / Status: completed
- 成果 / Change: 批次 D4（P0 备份可靠性第四阶段：cron 备份脚本补齐
  sidecar）：4 个生成的定时备份脚本（newapi / sub2api / cyberstrikeai /
  vaultwarden）在归档原子落盘后写 <archive>.sha256（sha256sum 优先、
  shasum 回退，best-effort 不阻断备份；umask 077 下 mode 600）；sub2api
  覆盖全部三类产物（pg_dump / config tar / data tar）。新增守卫
  check_generated_backup_scripts_write_sidecars 锁定全部 5 个写入点。
- 验证 / Verified: newapi 与 cyberstrikeai 生成脚本端到端模拟运行成功且
  digest 与归档一致；4 个 heredoc 体 bash -n 通过；改动文件 shellcheck
  通过；verify.sh guards 仅剩已知预期 fail_check；HEAD 上 verify all
  见下一条记录。
- 提交 / Commit: 02801f9

## 2026-08-25（续）
- 状态 / Status: completed
- 成果 / Change: 批次 D5（P0 备份可靠性第五阶段：高风险应用恢复能力）：
  1) bapp_restore 安全核心下沉为共享 backup_restore_data_dir
     （lib/backup.sh，参数 data_dir/service/archive）：校验先行、危险成员
     拒绝、先停服再原子换目录、失败完整回滚；bapp_restore 改为委托。
  2) vaultwarden do_restore：恢复 VW_DATA_DIR（服务单元 vaultwarden），
     VW_RESTORE_ARCHIVE 覆盖且路径限制在可信备份目录内。
  3) newapi do_restore：恢复 DATA_DIR（SERVICE_NAME），NEWAPI_RESTORE_
     ARCHIVE 覆盖同约束。
  4) 注册表为两者声明 restore capability；新守卫
     check_registry_restore_capability_matches_impl 保持能力声明与实现
     同步；restore 结构守卫改查共享助手。
- 验证 / Verified: 改动文件 bash -n + shellcheck 通过；新守卫与既有
  restore 委托守卫单独运行通过；guards 全套仅剩已知预期 fail_check；
  HEAD verify all 见下一条。
- 提交 / Commit: a1c5b6b

## 2026-08-25（续 2）
- 状态 / Status: completed
- 成果 / Change: 批次 D6（P0 备份可靠性第六阶段：cyberstrikeai 与
  tickflow 恢复能力）：
  1) cyberstrikeai do_restore：整目录归档直接委托共享
     backup_restore_data_dir 恢复 INSTALL_DIR（SERVICE_NAME），
     CYBERSTRIKEAI_RESTORE_ARCHIVE 覆盖路径限制在可信备份目录内。
  2) tickflow do_restore：专用部分成员恢复——成员安全扫描（拒绝绝对
     路径/../反斜杠，且必须含 data//.env/tiers.yaml 至少其一）、compose
     服务先停、逐目标 aside 副本支持解包失败与服务启动失败两种回滚，
     TICKFLOW_RESTORE_ARCHIVE 覆盖同约束。
  3) 注册表为两者声明 restore capability；capability-vs-impl 守卫扩展
     覆盖 csai 共享助手委托与 tickflow stop/rollback 结构。
- 验证 / Verified: 改动文件 bash -n + shellcheck 通过；guards 全套仅剩
  已知预期 fail_check；HEAD 上 verify all 通过（后台任务退出码 0）。
- 提交 / Commit: 8a1ce12

## 2026-08-25（续 3）
- 状态 / Status: completed
- 成果 / Change: 批次 D7（P0 备份可靠性第七阶段：最后两个应用恢复能力）：
  1) sub2api do_restore：三产物布局恢复——最新 data tar 走共享
     backup_restore_data_dir，conf tar aside 回滚，pg_dump 经 psql 管道
     恢复；服务先停后启（wait）；SUB2API_RESTORE_ARCHIVE 钉定 data 产物。
  2) cpa_stack do_restore：停 CPAMP 后将根相对五路径归档解回 /；所有已存
     在目标先 aside，解包失败干净回滚；CPA_STACK_RESTORE_ARCHIVE 同约束。
  3) 注册表为两者声明 restore capability。至此 16/16 应用全部具备
     backup + verify + restore 完整闭环（P0「为所有支持备份的应用补齐
     恢复能力」达成）。
  4) capability-vs-impl 守卫扩展：sub2api 断言 data+config+db+stop 结构，
     cpa_stack 断言成员检查+CPAMP 停止+aside。
- 验证 / Verified: 改动文件 bash -n + shellcheck 通过；guards 全套仅剩
  已知预期 fail_check；HEAD verify all 见下一条。
- 提交 / Commit: b9bdc45

## 2026-08-25（续 4）
- 状态 / Status: completed
- 成果 / Change: 批次 D8（P0 备份可靠性第八阶段：restore 行为级测试）：
  新守卫 check_backup_restore_data_dir_lifecycle 用 stub systemctl 跑
  backup_restore_data_dir 四场景：干净恢复（payload 替换+服务重启）、损坏
  归档在任何改动前拒绝、绝对路径成员被扫描拒绝、服务无法启动触发完整数据
  回滚。P0「跨版本/损坏/路径穿越测试」达成。
- 验证 / Verified: 守卫单独运行通过（4 场景全过）；guards 全套仅剩已知
  预期 fail_check；HEAD verify all 见下一条。
- 提交 / Commit: f41b69f

## P0 备份可靠性体系进度总览（更新于批次 D8 后）
- [x] 为备份生成 manifest.json（D1）
- [x] 为备份生成并保存 SHA-256（D1 手动 + D4 cron）
- [x] 增加 verify 动作（D1/D2，16/16 应用）
- [x] 在 status-json 中显示备份校验状态（D1 integrity 字段）
- [x] 建立通用 restore 生命周期（D3 bapp_restore → D5 共享
      backup_restore_data_dir）
- [x] 为所有支持备份的应用补齐恢复能力（D3–D7，16/16 应用 do_restore）
- [x] 增加跨版本/损坏/路径穿越测试（D1 原语回路 + D8 restore 行为级四场景）
- [x] 统一备份格式和目录规范（新归档全部带 sha256+manifest 元数据；
      存量归档以 unverified 状态可见）
- P0 八项全部完成。

## 2026-08-26
- 状态 / Status: completed
- 成果 / Change: 批次 N1（P1 通知集成第一阶段：后端与配置命令）：
  1) 新增 lib/notify.sh：全局 /etc/deploy-notify.conf（root:600，与应用
     配置同信任门）承载 NOTIFY_ENABLED/BACKEND/URL/TOPIC/TOKEN；
     notify_send 经 curl 投递 ntfy（title 头+topic 路径）或 Gotify
     （JSON）；所有失败路径（不信任配置、缺后端/URL、无 curl、非 2xx）
     均降级为警告并 return 0，绝不阻断主流程。
  2) 标题与正文出机前过 notify_redact：剥离 KEY=value 秘密、Bearer、
     URL 凭据。
  3) deploy.sh notify-config：--enable/--disable/--backend/--url/
     --topic/--token 合并写入、--test 探针投递、--clear 删除；含 token
     的文件走 atomic_write_file mode 600。
  4) update-all 与 backup-all 在操作记录收尾后发送批量结果摘要（计数+
     主机名）；DEPLOY_NOTIFY_SUPPRESS=1 可关闭。
  5) 守卫 check_notification_fail_open_and_redaction 锁定结构不变量并
     用 stub curl 行为验证脱敏。
- 验证 / Verified: 改动文件 bash -n + shellcheck 通过；新守卫单独运行
  通过；guards 全套仅剩已知预期 fail_check；HEAD verify all 通过。
- 提交 / Commit: 4d44e83

## 2026-08-26（续）
- 状态 / Status: completed
- 成果 / Change: 批次 N2（P1 定时更新与定时检查）：
  1) 新增 lib/schedule.sh：deploy.sh schedule 持久化
     /etc/deploy-schedule.conf（root:600），mode=update-all|check-only、
     OnCalendar/HH:MM/原生 cron 表达式、--include 应用清单；systemd 可用
     时装 service+timer，否则写校验过的 /etc/cron.d 条目；unschedule 移除
     timer+cron+配置；status 报告安装状态。
  2) 生成的 runner 经 deploy.sh schedule-run 重入：与交互式批次共用
     manager 锁（不并发），结果走 N1 通知链路；check-only 默认工作日早上，
     update-all 默认每日 04:30。
  3) 守卫 check_schedule_units_are_atomic_and_cleaned_up：原子单元写入、
     cron 表达式校验、双产物清理 + enable/disable 行为验证。
- 验证 / Verified: 改动文件 bash -n + shellcheck 通过；新守卫单独运行
  通过；guards 全套仅剩已知预期 fail_check；HEAD verify all 见下一条。
- 提交 / Commit: 8d8310d

## 2026-08-26（续 2）
- 状态 / Status: completed
- 成果 / Change: 批次 N3（P1 迁移导出/导入）：
  1) 新增 lib/migrate.sh：deploy.sh export 将全部应用部署配置+通知/定时
     配置打包为带 sha256 sidecar 的 tar，附 backups-inventory.json（每应用
     最新归档+integrity 判定）指导备份复制；--redact 额外生成脱敏人工参考
     副本；空树拒绝导出。
  2) deploy.sh import --input：先验 sidecar 再动 /etc，逐配置走
     atomic_copy_file mode 600；明确提示二进制/数据不自动迁移——装应用、
     复制备份、逐应用 restore。
  3) atomic_copy_file 的 chown 改为 best-effort（非 root 测试环境不再因
     属主归一化失败；root 生产行为不变）。
  4) 守卫 check_migration_export_import_roundtrip：空树拒绝/sidecar 校验/
     redacted 参考存在/配置恢复内容断言。
- 验证 / Verified: 改动文件 bash -n + shellcheck 通过；新守卫单独运行
  通过；guards 全套仅剩已知预期 fail_check；HEAD verify all 通过。
- 提交 / Commit: 741d447

## P1 进度总览
- [x] notify-config 配置命令 + ntfy/Gotify 后端 + 开关/地址/Topic/Token（N1）
- [x] 更新/备份成功失败通知（N1 批量摘要）
- [x] 通知降级不阻塞主流程（N1 fail-open 契约 + 守卫）
- [x] 通知内容脱敏（N1 notify_redact + 行为验证）
- [x] schedule/unschedule 统一命令（N2）
- [x] systemd timer / cron 双后端（N2）
- [x] 定时版本检查 check-only 模式（N2）
- [x] 定时 update-all（N2）
- [x] 执行时间/应用选择配置（N2 --at/--include）
- [x] 定时与手动并发互斥（N2 共用 manager 锁）
- [x] 定时接入通知系统（N2 runner 重入通知链路）
- [x] 卸载清理 timer/cron（N2 unschedule）
- [x] export/import 命令（N3）
- [x] 导出应用配置/版本信息/备份清单校验值（N3）
- [x] 敏感配置脱敏选项（N3 --redact 参考副本）
- [x] 新机器恢复路径明确（N3 manual steps 指引）
- [ ] 安装/健康检查失败/回滚的 per-app 事件通知（批量级已有；per-app 待接）
- [ ] 失败重试配置（schedule 未含重试参数）

## 2026-08-27
- 状态 / Status: completed
- 成果 / Change: 批次 N4（P1 定时任务补强：失败重试）：
  1) schedule --retries N 持久化 SCHEDULE_RETRIES（数值校验）；runner 至多
     重试 N+1 次，退避 SCHEDULE_RETRY_BACKOFF 基数逐次翻倍、上限 900s，
     重试间输出本地化警告。
  2) schedule-run 作为 schedule_main 子命令且透传退出码；runner 映射
     update-all/check-update 真实批命令。
  3) 守卫 check_schedule_retries_are_configurable：结构断言循环/退避/警告；
     行为断言 0 重试=1 次调用、2 重试=3 次调用、--retries 落盘。
- 验证 / Verified: 改动文件 bash -n + shellcheck 通过；新守卫单独运行
  通过；guards 全套仅剩已知预期 fail_check；HEAD verify all 见下一条。
- 提交 / Commit: 0e11d52

## P1 进度总览（更新于批次 N4 后）
- [x] notify-config 配置命令 + ntfy/Gotify 后端 + 开关/地址/Topic/Token（N1）
- [x] 更新/备份成功失败通知（N1 批量摘要）
- [x] 通知降级不阻塞主流程（N1 fail-open 契约 + 守卫）
- [x] 通知内容脱敏（N1 notify_redact + 行为验证）
- [x] schedule/unschedule 统一命令（N2）
- [x] systemd timer / cron 双后端（N2）
- [x] 定时版本检查 check-only 模式（N2）
- [x] 定时 update-all（N2）
- [x] 执行时间/应用选择配置（N2 --at/--include）
- [x] 失败重试配置（N4 --retries + 指数退避）
- [x] 定时与手动并发互斥（N2 共用 manager 锁）
- [x] 定时接入通知系统（N2 runner 重入通知链路）
- [x] 卸载清理 timer/cron（N2 unschedule）
- [x] export/import 命令（N3）
- [x] 导出应用配置/备份清单校验值（N3）
- [x] 敏感配置脱敏选项（N3 --redact 参考副本）
- [x] 新机器恢复路径明确（N3 manual steps 指引）
- [ ] 安装/健康检查失败/回滚的 per-app 事件通知（批量级已有；per-app 待接）

## 2026-08-27（续）
- 状态 / Status: completed
- 成果 / Change: 批次 N5（P1 通知补强：per-app 事件通知）：
  operation_run_app_action 在 install/update/backup/restore/uninstall 动作
  完成后发送 per-app 结果通知，判定取自动作退出码，经 fail-open+脱敏的
  notify_send；DEPLOY_NOTIFY_SUPPRESS 可关；通知绝不改变动作退出码。
  新守卫 check_per_app_event_notifications 结构断言 + 行为断言（成功与
  失败各产生匹配通知且原退出码透传）。
- 验证 / Verified: 改动文件 bash -n + shellcheck 通过；新守卫单独运行
  通过；guards 全套仅剩已知预期 fail_check；HEAD verify all 见下一条。
- 提交 / Commit: ed96476

## P1 进度总览（更新于批次 N5 后）
- [x] notify-config 配置命令 + ntfy/Gotify 后端 + 开关/地址/Topic/Token（N1）
- [x] 更新/备份成功失败通知（N1 批量摘要 + N5 per-app）
- [x] 安装/健康检查失败/回滚通知（N5 per-app 动作结果）
- [x] 通知降级不阻塞主流程（N1 fail-open 契约 + 守卫）
- [x] 通知内容脱敏（N1 notify_redact + 行为验证）
- [x] schedule/unschedule 统一命令（N2）
- [x] systemd timer / cron 双后端（N2）
- [x] 定时版本检查 check-only 模式（N2）
- [x] 定时 update-all（N2）
- [x] 执行时间/应用选择配置（N2 --at/--include）
- [x] 失败重试配置（N4 --retries + 指数退避）
- [x] 定时与手动并发互斥（N2 共用 manager 锁）
- [x] 定时接入通知系统（N2 runner 重入通知链路）
- [x] 卸载清理 timer/cron（N2 unschedule）
- [x] export/import 命令（N3）
- [x] 导出应用配置/备份清单校验值（N3）
- [x] 敏感配置脱敏选项（N3 --redact 参考副本）
- [x] 新机器恢复路径明确（N3 manual steps 指引）
- P1 全部完成。

## 2026-08-27（续 2）
- 状态 / Status: completed
- 成果 / Change: 批次 N6（P2 统一 Compose 支持层第一阶段）：
  1) 新增 lib/compose.sh：compose_command 解析 `docker compose` 插件与
     传统 docker-compose 双后端；compose_require_runtime 门禁 docker+任一
     后端；compose_validate_project 校验安全绝对路径与文件存在（仅 return，
     适合探针）；compose_run/compose_try 执行操作，输出走 stderr，不产生
     表格/彩色输出。
  2) TickFlow 的 _compose_bin/_require_compose_runtime 改为委托共享层
     （函数名保留，既有守卫与调用点不受影响）。
  3) 守卫 check_compose_shared_layer_and_tickflow_delegation：双后端探测、
     校验契约、stderr 输出、委托结构 + 行为验证（缺项目文件拒绝、不安全
     路径拒绝）。
- 验证 / Verified: 改动文件 bash -n + shellcheck 通过；新守卫单独运行
  通过；guards 全套 0 失败检查；HEAD verify all 见下一条。
- 提交 / Commit: 59ab58a

## 2026-08-27（续 3）
- 状态 / Status: completed
- 成果 / Change: 批次 N7（P2 Compose 第二阶段：生命周期与健康检查）：
  1) lib/compose.sh 新增 compose_up/down/ps（委托共享 runner）与
     compose_health（解析 ps --format json，exited/dead/restarting 即
     fail-closed；大小写不敏感兼容 docker compose 与 docker-compose）。
  2) TickFlow systemd 单元模板改用共享 compose_command 解析后端，移除
     impl 内重复探测。
  3) compose_base_args 用 printf -- 防路径以 - 开头被误读为选项。
  4) 守卫 check_compose_lifecycle_and_health：委托/fail-closed 结构 +
     行为验证（running 通过、exited 拒绝，stub docker）。
- 验证 / Verified: 改动文件 bash -n + shellcheck 通过；新守卫单独运行
  通过；guards 全套 0 失败检查；HEAD verify all 见下一条。
- 提交 / Commit: f627264

## 2026-08-27（续 4）
- 状态 / Status: completed
- 成果 / Change: 批次 N8（P2 Fleet 多机管理）：
  1) 新增 lib/fleet.sh：deploy.sh fleet [status-all|update-all|backup-all]
     读取 /etc/deploy-hosts.conf（alias|user@host[:port]，严格 token 校验，
     注释/空行忽略），经 ssh（BatchMode+ConnectTimeout+单机超时）执行各机
     批次，--concurrency 限并发（默认 4），单机失败隔离不影响其他机。
  2) 每机 JSON 记录（ok/error 或远端框架自身 JSON）合并为
     schema_versioned 汇总；清单格式无密码字段、目标仅用于 ssh，凭据
     不可能进日志。
  3) 守卫 check_fleet_host_validation_and_isolation：token 校验/超时/隔离
     结构 + 行为验证（畸形行跳过、带端口目标产生 -p）。
- 验证 / Verified: 改动文件 bash -n + shellcheck 通过；新守卫单独运行
  通过；guards 全套 0 失败检查；HEAD verify all 见下一条。
- 提交 / Commit: 6dc5e8c

## 2026-08-27（续 5）
- 状态 / Status: completed
- 成果 / Change: 批次 N9 + 修复批次：
  1) lib/fleet.sh：fleet 运行追加机器级 JSONL 操作历史
     （/var/log/deploy-scripts/fleet-history.jsonl，best-effort 不阻断）。
  2) README 增补中央管理命令面（notify-config/schedule/export/import/
     fleet/verify/restore）；CHANGELOG Unreleased>Added 合并 P1 通知/定时/
     迁移与 P2 compose/fleet 批次。
  3) 修复批次（884e3c5）：tickflow restore 回滚路径 systemctl stop 不再
     吞诊断（stop 失败→warn 并跳过替换，服务仍未激活→报激活状态而非
     无条件 error）；删除已死 i18n 键 app.tickflow.error.docker_missing/
     compose_missing；dispatch 探针改用 cert 作为 unsupported 样例
     （newapi 已支持 restore）。dist 重建随提交（cb06280）。
  4) 环境适配：Windows 主机缺 python，验证套件 JSON 断言经
     .commandcode/bin/python shim 转发 py launcher（不入库的本地工具）。
- 验证 / Verified: HEAD verify.sh all 通过（成功路径自动删日志，退出码 0）；
  guards 全套 0 真实失败（唯一 fail_check 为已知预期内部探测）。
- 提交 / Commit: fa8d3bc, 884e3c5, cb06280

## 总览（截至 2026-08-27）
- P0 备份可靠性体系：8/8 完成
- P1 通知集成：8/8 完成
- P1 定时更新与定时检查：9/9 完成
- P1 迁移导出/导入：9/9 完成
- P2 统一 Compose 支持层：8/8 完成（TickFlow 已迁移至共享层）
- P2 Fleet/多机管理：8/8 完成

## 2026-08-28（自主演进批次 O1–O3）
- 状态 / Status: completed
- 成果 / Change:
  1) O1（1caf53f）：schedule 时间规格校验——HH:MM 越界（25:99）在写配置
     前拒绝；systemd 主机用 systemd-analyze calendar 权威校验，无该工具
     时保守形状检查；--backoff 参数持久化 SCHEDULE_RETRY_BACKOFF；
     schedule_apply 失败不再用误导性 config_write 错误包装（自身已输出
     具体诊断）。
  2) O2（7fb9975）：migrate import 解包前 tar -tzf 成员安全扫描，拒绝
     绝对路径/.. /反斜杠成员（sha256 只保真不保善，被攻破的导出机可能
     产出穿越成员）；守卫含 python tarfile 构造的恶意包行为验证。
  3) O3（548805c）：schedule 配置信任门（root:600/400）与 notify/app
     一致；被拒绝的读取在各调用方容忍（run 回退 disabled、status 显示
     默认、写路径重建），修复 set -e 下 disable 分支中断问题；守卫扩展。
- 验证 / Verified: 各批次 guards 全套唯一失败为已知预期 fail_check 探测；
  语法 + shellcheck（style）通过。
- 提交 / Commit: 1caf53f, 7fb9975, 548805c

## 2026-08-28（自主演进批次 O4–O5）
- 状态 / Status: completed
- 成果 / Change:
  1) O4（b07104a）：fleet 远端 JSON 记录形状校验——非 `{...}` 形状的
     污染行包装为 {"error":"..."} 而非原样嵌入破坏汇总 JSON；守卫断言
     record 校验结构。
  2) O5（f8e3a1b）：fleet 主机清单信任门——/etc/deploy-hosts.conf 必须
     root:600/400 才被读取，否则整表忽略并 stderr 提示（与 app/notify/
     schedule 配置同姿态）；守卫含不可信清单被忽略的行为验证
     （stat stub root:600 可信解析 3 台、nobody:644 拒绝加载）。
- 验证 / Verified: 各批次 guards 全套唯一失败为已知预期 fail_check 探测；
  语法 + shellcheck（style）通过。
- 提交 / Commit: b07104a, f8e3a1b

## 阻塞项
- 无（当前无仅用户可解的阻塞）

## 2026-08-28（自主演进批次 O6–O7）
- 状态 / Status: completed
- 成果 / Change:
  1) O6（6060b97）：通知/定时/操作三处硬化——
     a. notify-config --test 修复：此前 notify_send 内部重载磁盘配置覆盖
        内存合并值，--test 在未启用/未配置时静默跳过却报"测试已送达"。
        现改为把合并值写入私有 probe 配置文件并以 NOTIFY_CONF_FILE 指向
        它真实投递；NOTIFY_STRICT=1 让失败路径返回非零（fail-open 默认
        契约不变），测试失败时 error 且不保存配置，成功则持久化——
        保证"测的就是以后用的"。
     b. schedule 默认日历修复：check-only 默认 'Mon..Fri *-*-* 09:00'
        在 /etc/cron.d 回退下无法转换而被拒，改为纯 HH:MM '09:00'，
        非 systemd 主机也能装出可用的定时。
     c. operation_run_app_action 的 per-app 通知钩子加 declare -F
        notify_send 守卫：隔离 source operation.sh 的环境（守卫测试、
        嵌入式使用）不再因 command not found 中断动作。
  2) O7（24f3bf1）：修复 check_migration_export_import_roundtrip 守卫
     缺陷——traversal 断言在 if 条件内直接调用 migrate_main import，
     而 migrate_main 拒绝时走 error()（测试 double 为 exit 9），函数
     在 if 条件中不 fork 子 shell，exit 直接终止整个测试进程，守卫从未
     真正通过（O2 引入时即损坏，此前 verify 记录被掩盖）。改为子 shell
     调用隔离 exit，拒绝以非零状态被正确观察到。
- 验证 / Verified: guards 全套通过（含 fail_check 已知预期噪声；日志末尾
  "Guards verification passed"）；受影响守卫单独运行全部 PASS
  （check_app_action_operation_wrapping / check_per_app_event_notifications /
  check_notification_fail_open_and_redaction / check_schedule_units_are_
  atomic_and_cleaned_up / check_schedule_retries_are_configurable /
  check_migration_export_import_roundtrip / check_i18n_keys_are_consistent）；
  改动文件 bash -n 通过；dist 随 build-release.sh 重建。
- 提交 / Commit: 6060b97, 24f3bf1

## 2026-08-28（自主演进批次 O8–O10）
- 状态 / Status: completed
- 成果 / Change:
  1) O8（df930a7）：修复 check_app_registry_capabilities 过期否定断言——
     B4 批次写的 "newapi must not declare restore yet" 在 D5 给 newapi
     实现 restore 后变成坏断言，导致每次 verify all 失败（工作区遗留的
     verify_final.log 即证据）。反转为必须声明 restore，与
     check_registry_restore_capability_matches_impl 一致。这是继
     migration 守卫后第二个被 progress.log 乐观记录掩盖的坏守卫；
     修复后 verify all 首次真正全绿。
  2) O9（3384f8d）：deploy.sh help 补中央命令面——manager_usage 此前只
     列 per-app 动作，`deploy.sh help` 看不到 backup-all/update-all/
     notify-config/schedule/export/import/fleet 等中央命令；新增
     manager.usage_central 行；notify.usage 补 --test/--clear。
  3) O10（13d1d04）：CHANGELOG Unreleased 段补齐 O1–O7 全部修复记录
     （schedule 校验/import traversal/信任门/notify --test 硬化/schedule
     cron 回退默认日历/operation 钩子守卫/两个守卫修复）；.gitignore 忽略
     .commandcode/ 会话工具目录；清理工作区垃圾文件（${ARCHIVE}.sha256
     空文件、过期的 verify_final.log 失败记录）。
- 验证 / Verified: verify all 通过（"Verification passed"）；
  guards 292 个守卫逐个扫描全部通过（scan-head 1–273 + scan-tail
  274–292 均 ALL_PASS；完整 guards target 顺序执行约 5–6 分钟属预期
  设计——CI 的 guards job 无超时问题，本地验证走 verify all 并行快路径）；
  i18n/dispatch 相关守卫单独运行通过；dist 随 build-release.sh 重建。
- 提交 / Commit: df930a7, 3384f8d, 13d1d04

## 2026-08-28（自主演进批次 O11）
- 状态 / Status: completed
- 成果 / Change:
  O11（49f8f03）：check_notification_fail_open_and_redaction 新增
  notify-config --test 端到端行为锁定——stub curl + 全新配置场景下，
  投递失败必须 error 且不持久化任何配置；投递成功必须持久化合并后的
  配置（enabled=true/topic=t），保证"测的就是以后用的"。测试用子 shell
  （而非嵌套 bash -c）承载 stub error() 的 exit，引号与隔离都更可靠；
  用故意破坏 grep 模式验证过测试确实生效（失败→守卫失败）。
  另确认：此前尝试用 bash -c 嵌套加同样测试失败，是转义/环境隔离问题
  而非实现缺陷；notify_config_main --test 三个场景（失败拒绝/成功持久化/
  纯探针）经独立 e2e 脚本全部验证行为正确。
- 验证 / Verified: verify all 通过（"Verification passed"）；受影响守卫
  全部 PASS（check_notification_fail_open_and_redaction 含新 --test 场景、
  check_schedule_units_are_atomic_and_cleaned_up、
  check_schedule_retries_are_configurable、check_i18n_keys_are_consistent 等）；
  守卫改动不进 dist，无重建需求。
- 提交 / Commit: 49f8f03

## 2026-08-28（自主演进批次 O12）
- 状态 / Status: completed
- 成果 / Change:
  1) 8f9fa56 + 96be3b2（dist 打包缺陷修复）：发布版单文件脚本存在两个
     真实不可用缺陷——
     a. lib/app_loader.sh 的 restore_framework_functions 重新定义
        dispatch_action 时用的是 D1/D2 之前的旧副本（无 verify 分支），
        per-app dist 脚本（dist/install_*.sh）在加载 app 定义后被覆盖，
        `verify` 动作报 "Invalid choice"。已同步 verify 分支。
     b. tools/build-release.sh 从未把 lib/backup.sh、notify.sh、
        schedule.sh、migrate.sh、fleet.sh、compose.sh 打进 dist/deploy.sh，
        manager 发布版的中央命令（notify-config/schedule/unschedule/
        export/import/fleet/backup 完整性原语）全部 "command not found"。
        backup.sh 加入 COMMON_RELEASE_LIB_FILES（per-app 也需要），
        其余五个库作为 MANAGER_ONLY_RELEASE_LIB_FILES 进 manager bundle。
     修复后 dist/deploy.sh 含全部 6 个中央命令函数，dist/install_*.sh
     的 verify 动作正确路由到 root 门禁。
  2) 848d7e9（schedule CLI 分派修复）：
     a. `deploy.sh schedule status` 此前落入配置分支（manager_cli 把
        字面 "schedule" 强塞为 schedule_main 首参）；改为把用户参数
        原样传给 schedule_main，unschedule 单独映射。
     b. `deploy.sh schedule --help` 此前把 --help 当子命令并写入配置；
        schedule_main 新增 -h/--help 分支。
     c. schedule status 输出补 retries/backoff/include 字段。
     守卫扩展：status 渲染状态行、--help 不改动配置文件。
- 验证 / Verified: verify all 通过（"Verification passed"）；受影响守卫
  全部 PASS；dist/deploy.sh 含 6 个中央命令函数且 bash -n 通过；
  dist/install_newapi.sh verify 正确识别；schedule status/--help/-h 经
  stub-root CLI 验证行为正确。
- 提交 / Commit: 8f9fa56, 96be3b2, 848d7e9

## 2026-08-28（自主演进批次 O13）
- 状态 / Status: completed
- 成果 / Change:
  O13（de9a904）：新增 check_app_loader_dispatch_matches_cli 守卫——锁定
  lib/app_loader.sh restore_framework_functions 里的 dispatch_action 副本
  与 lib/cli.sh 动作分支集合一致（归一化后对比，缩进不敏感）。这是 O12
  发现缺陷（D1/D2 给 cli.sh 加 verify 但漏了 app_loader 副本）的防回归：
  未来给 dispatch_action 加动作必须两处同步。用删除 verify 分支的方式
  验证守卫确实能捕获漂移（diff 报告 verify 缺失）。
- 验证 / Verified: verify all 通过（"Verification passed"）；守卫单独运行
  PASS（含故意漂移的失败验证与恢复后通过）；受影响守卫全部 PASS。
- 提交 / Commit: de9a904

## 2026-08-28（自主演进批次 O14）
- 状态 / Status: completed
- 成果 / Change:
  1) 9ee6682 + 412a256 + 1f46dc6（registry restore 能力修复）：行为级
     验证 P0/P1/P2 各功能时发现——9 个共享生命周期二进制应用（ntfy/
     meilisearch/alist/filebrowser/navidrome/frps/gitea/gotify/beszel）
     D3 起就实现了 do_restore（委托 bapp_restore），但 registry
     capabilities 列只声明 backup 未声明 restore，导致批量/状态规划误报
     这些应用不支持 restore。修复：
     a. registry 给 9 个二进制应用补 restore（16/16 全部 backup,restore）
     b. check_registry_restore_capability_matches_impl 增加反向断言——
        任何 impl 定义了 do_restore 而 registry 未声明 restore 必须失败
        （防止再次漂移）；守卫首次运行即捕获 cpa_stack→cpa-stack 的
        impl 文件名映射遗漏，已修正（hugo_blog→blog 同理）。
  2) P0/P1/P2 全部功能的行为级验证证据（独立脚本，见下）。
- 验证 / Verified:
  - verify all 通过（"Verification passed"）
  - P0 行为：backup_write_sha256/manifest 写入+篡改检测+verify 判定；
    backup_restore_data_dir 干净恢复+损坏拒绝（子 shell 隔离 error）；
    status-json integrity 字段 verified；16 应用 do_verify/do_restore
    全覆盖；registry restore 16/16
  - P1 行为：notify_send ntfy 投递+脱敏+fail-open；schedule 校验/应用/
    status/unschedule 全链路；migrate export+sha256+import 恢复
  - P2 行为：compose_validate_project 安全路径+存在性；compose_health
    running 通过/exited fail-closed；fleet 信任门+token 校验+端口目标+
    非 JSON 记录包装+历史 JSONL
- 提交 / Commit: 9ee6682, 412a256, 1f46dc6

## 2026-08-30（自主演进批次 P0-S1）
- 状态 / Status: completed
- 成果 / Change: P0 安全默认行为门禁第一阶段：共享 `lib/app.sh` 新增统一
  `deploy_value_truthy`、wildcard listener 判定和可选 fail-closed 原语；
  `lib/binary_app.sh` 在配置校验阶段拒绝
  `DEPLOY_FAIL_ON_INSECURE_PUBLIC_BIND=1` + `BA_BIND_ADDR=0.0.0.0/::` +
  无 TLS，且摘要对 IPv6 wildcard 同样显示明文警告；TickFlow 接入同一门禁。
  新增 `tools/checks/security.sh`，行为验证 9 个共享 Web 二进制默认
  `127.0.0.1`/`BA_FIREWALL=0`、frps 公网例外、TickFlow/Sub2API 回环、
  strict guard、TickFlow 随机密码和 New API 摘要脱敏。
  README 与整改方案同步记录。
- 验证 / Verified: `tools/verify.sh syntax` 通过；security 行为守卫通过；
  `tools/verify.sh guards` 通过（其中 `fail_check` 仅为守卫自身的预期失败探测；
  其输出中已有的敏感测试样例为脱敏回归测试输入）；`git diff --check` 通过。
  `tools/verify.sh shellcheck` 仍受仓库既有 SC2043 warning 阻断，未发现本批次
  新增文件的 warning。
- 提交 / Commit: f3c1e0e

2026-08-30 P0-S2: added read-only `doctor security` / `doctor-security` audit for legacy Vaultwarden token temp files, plaintext Sub2API DSNs, wildcard listener configs, and unmanaged/root backup schedules. Added redacted JSON schema v1 output, fixture behavior guard, localized messages, and central command documentation.


## 2026-08-30（自主演进批次 P1-S1）
- 状态 / Status: completed
- 成果 / Change: Hugo Blog 版本可复现性第一阶段：新增可选
  `HUGO_VERSION`（不带前导 `v` 的精确 SemVer pin）与
  `INSTALLED_VERSION` 配置记录；install/update 都按 pin 或 latest 安装并
  校验对应 `.deb` 的 GitHub 发布 SHA-256。新增 `APP_CHECK_UPDATE_FN` 和
  `APP_STATUS_VERSION_FN`：未 pin 时使用共享 GitHub Release 缓存/JSON
  协议，pin 时以目标 tag 为 `latest`、`cache_state=pinned` 返回，不联网
  漂移。旧安装在未记录版本时会 best-effort 解析本机 `hugo version`。
  `docs/apps.md` 同步说明配置和 `check-update` 语义。
- 验证 / Verified: `tools/verify.sh syntax` 通过；
  `check_blog_hugo_version_contract` 覆盖 pinned 与 latest JSON 适配器；
  `check_blog_hugo_install_failures_are_actionable`、
  `check_blog_config_persistence` 通过；`tools/verify.sh guards` 通过
  （预期的 `fail_check` 与脱敏 fixture 输出不表示失败）。
- 提交 / Commit: d06b6e1, 2b0b867


## 2026-08-30（自主演进批次 P1-S2）
- 状态 / Status: completed
- 成果 / Change: TickFlow 版本可复现性第二阶段：新增可选
  `TICKFLOW_COMMIT`（完整 40 位 git SHA）与 `INSTALLED_VERSION`。配置 pin
  时 install/update 从配置的 GitHub 仓库获取并 detached checkout 指定提交，
  不再跟随 `TICKFLOW_BRANCH`；成功检出会记录完整 SHA。新增共享
  `version_check_git_commit_json`，TickFlow 的 `check-update` 与
  `status-json` 在 pinned 模式本地比对已检出 SHA 和目标 SHA，返回
  `source=git_commit`、`cache_state=pinned`，不发起网络请求；未配置 pin
  时保留原有 moving-branch 行为。新增本地 git fixture 行为守卫，并同步应用
  文档与整改路线。
- 验证 / Verified: `tools/verify.sh syntax` 通过；
  `check_tickflow_git_commit_version_contract` 覆盖落后/已对齐 pin、
  `status-json` 适配器和非法 SHA；`tools/verify.sh release` 通过。
- 提交 / Commit: c0e8a56, d51b4cc


## 2026-08-30（自主演进批次 P1-S3）
- 状态 / Status: completed
- 成果 / Change: CyberStrikeAI 版本可复现性第三阶段：新增可选
  `GITHUB_COMMIT`（完整 40 位 git SHA）与 `INSTALLED_VERSION`。配置 pin
  时源码获取、更新和源码构建均基于指定提交，更新不会跟随
  `GITHUB_BRANCH`；成功检出会记录完整 SHA。复用共享
  `version_check_git_commit_json`，`check-update` 与 `status-json` 在 pinned
  模式本地返回 `source=git_commit`、`cache_state=pinned`，不查询移动分支。
  未配置 pin 时保留原有 branch 模式，并同步补足 update 后配置持久化。
  新增本地 git fixture 守卫，更新应用文档和整改路线。
- 验证 / Verified: `tools/verify.sh syntax` 通过；
  `check_cyberstrikeai_git_commit_version_contract` 与既有源码失败处理守卫
  通过；`tools/verify.sh release` 通过。
- 提交 / Commit: 6ae17bf, 0dfe154


## 2026-08-30（自主演进批次 P1-S4）
- 状态 / Status: completed
- 成果 / Change: Vaultwarden 镜像可复现性第四阶段：新增可选
  `VW_IMAGE_DIGEST`（完整 `sha256:<64-hex>` Docker 镜像摘要），优先于
  `VW_IMAGE_TAG`，并通过已固定的 docker-image-extract 使用
  `repository:sha256:<digest>` 提取指定 manifest。成功 install/update 保存
  `INSTALLED_IMAGE_DIGEST` 与 `INSTALLED_VERSION`。pinned 模式的
  `check-update`/`status-json` 本地比对摘要，返回 `source=docker_image`、
  `cache_state=pinned`，不因上游 GitHub release 或 tag 变动建议漂移更新；
  未设置 digest 时保留原 GitHub Release 检查与 tag 行为。新增 digest 配置和
  JSON 协议 fixture 守卫，并更新应用文档和整改路线。
- 验证 / Verified: `tools/verify.sh syntax` 通过；
  `check_vaultwarden_config_values_are_validated`、
  `check_vaultwarden_extract_tool_is_pinned_and_verified`、
  `check_vaultwarden_image_digest_version_contract` 通过；
  `tools/verify.sh release` 通过。
- 提交 / Commit: 0cdde5d, fc5a4d3

## 2026-08-30（自主演进批次 P1-S5）
- 状态 / Status: completed
- 成果 / Change: 完成 CPA Stack 与 Sub2API 的多组件版本记录/统一 JSON
  manifest。共享 `version_check` 增加组件封装 helper；CPA Stack 在保留顶层
  聚合 verdict 和兼容的 `installed`/`latest` 字段基础上，增加
  `components.cpa`、`components.cpamp`（仓库、已安装版本、最新版本、缓存和
  更新状态）。Sub2API 在成功 install/update 时记录 PostgreSQL 与 Redis
  运行时版本，并将 `sub2api` GitHub release 与 `postgresql` / `redis`
  组件同时投影到 `version_info.components`；运行时依赖明确返回
  `source=system_runtime`、`update_state=not_checked`，不伪装为可比较的
  release。新增 CPA/Sub2API manifest 行为守卫并同步应用/路线文档。
- 验证 / Verified: `tools/verify.sh syntax`、`tools/verify.sh update` 与
  focused component-manifest guards 通过；发布产物、全量 guards 和 GitHub CI
  将在配套生成物提交后执行。
- 提交 / Commit: 1054685, b751b9f, c3fb5f4

## 2026-08-30（自主演进批次 P1-S6）
- 状态 / Status: completed
- 成果 / Change: 将 Docker E2E smoke 从代表性文件/命令替身矩阵扩展为
  Sub2API 的真实依赖 fixture。Debian 容器镜像预装 PostgreSQL 15、Redis 7、客户端
  与 `sudo`；用直接进程启动绕过容器内缺失的 init，而应用层 `systemctl` 保持受控
  stub。fixture 使用本地 GitHub release/checksum 资产，实际执行 Sub2API install，
  通过生成的 DSN 用 `psql` 创建测试表，以 `redis-cli` 验证读写，再运行真实 `pg_dump`
  备份并检查压缩 SQL 中的插入数据；同时验证配置中持久化的 PostgreSQL/Redis 版本及
  `status-json` component manifest。新增守卫避免该 fixture 被退化为纯命令替身。
- 验证 / Verified: `bash -n tools/e2e-smoke.sh`、focused fixture guard、
  `tools/verify.sh syntax`、`tools/verify.sh guards`、`tools/verify.sh release`、
  `git diff --check` 均通过。当前 Windows 本地 Docker Linux daemon 不可用，完整 E2E
  交由本次 push 的 GitHub Actions Ubuntu runner 验证。
- 提交 / Commit: 8441d97, 96f160e, 8ff9702
## 2026-08-30（自主演进批次 P1-S6 CI 修复）
- 状态 / Status: completed
- 成果 / Change: GitHub Actions 的真实依赖 E2E 首先揭示 Sub2API PostgreSQL
  密码变量不能在 `psql -c` 中按预期插值的问题，已改为带 `ON_ERROR_STOP=1` 的 stdin
  SQL 并发布对应产物（`96f160e` / `8ff9702`）。随后 CI 揭示 fixture 自身将含 SQL
  单引号的测试体嵌入外层 `bash -c` 会被宿主 shell 重解释；现在把 fixture 写成只读挂载
  的独立脚本，以保持 SQL 字符串与 Python JSON 断言原样传入容器。该改动不削弱真实
  PostgreSQL/Redis/`pg_dump` 覆盖。
- 验证 / Verified: `bash -n tools/e2e-smoke.sh` 与提取后的容器 fixture 语法检查通过；
  focused Sub2API guards、`tools/verify.sh syntax`、`tools/verify.sh guards`、
  `git diff --check` 均通过；GitHub Actions Verify run `33312670505`（head
  `a43931a`）成功，syntax/release/dispatch/guards/shellcheck/e2e-smoke 全部通过，
  nightly-all 按 push 触发条件跳过。Windows 本地 Docker Linux daemon 仍不可用。
- 提交 / Commit: c82c267
## 2026-08-30（自主演进批次 P2-S1）
- 状态 / Status: completed
- 成果 / Change: 明确保留提交式 `dist/` 治理，并将本地遗漏防线纳入版本控制：新增
  `.githooks/pre-commit`。只要暂存内容可能影响发布产物（`lib/`、`apps/`、`impl/`、
  `dist/` 或 `tools/build-release.sh`），它就在提交前运行确定性
  `tools/verify.sh release`，发现 stale `dist/` 时失败并要求显式审阅、stage 生成物；
  hook 从不替用户 stage。新增 `tools/install-git-hooks.sh`，默认只写本 checkout 的
  `core.hooksPath=.githooks`，遇到既有 hook path 拒绝覆盖，必须显式 `--force`。
  README / CONTRIBUTING 给出启用和检查命令，release guard 锁定该约束。
- 验证 / Verified: hook、installer、release checks 与 runner 均通过 `bash -n`；
  installer `--check`（未启用→失败、启用→成功）通过；临时 Git worktree 中故意仅暂存
  `lib/logging.sh` 改动，hook 重建后正确拒绝 stale `dist/`（exit 1）；
  `tools/verify.sh syntax`、`release`、`shellcheck`、`guards` 与 `git diff --check` 通过。
- 提交 / Commit: 5d288aa
## 2026-08-30（自主演进批次 P2-S2）
- 状态 / Status: completed
- 成果 / Change: 提取共享 HTTP health probe 原语 `app_http_status_code`。它以稳定的
  三位状态码协议处理 curl 缺失/失败（`000`），并保留 timeout 与应用受控的 curl options。
  `binary_app`、Sub2API、Vaultwarden、CyberStrikeAI 均改为委托：各应用仍保留自身
  重试次数、接受状态码、CyberStrikeAI 的 TLS/Host header、以及 ready/pending 的本地化
  告警语义。该小步降低了四个生命周期实现间的低层重复，并为后续回滚/备份编排下沉留出
  明确边界。
- 验证 / Verified: 新增行为守卫使用 curl stub 验证 timeout/options/URL 透传与失败
  `000` fallback；守卫同时锁定四个调用面已接入共享 helper。`bash -n`、focused
  guards、`tools/verify.sh syntax`、`release`、`shellcheck`、`guards` 以及
  `git diff --check` 均通过。注：源码和生成物未提交前执行完整 guards 会被
  `check_release_package_artifacts` 正确拒绝 stale `dist/`；在同一提交含生成物后复跑
  全量 guards 已通过。
- 提交 / Commit: 7d9d9f4

## 2026-08-30（自主演进批次 P2-S3）
- 状态 / Status: completed
- 成果 / Change: 完成实例、TLS 与迁移运行手册。新增 `docs/instances-tls-migration.md`，明确
  `<app>@<instance>` 当前只隔离配置和锁，端口、systemd 单元、用户、数据/日志/备份目录、
  Nginx 与 cron 等运行资源不会因 suffix 自动隔离；对 Sub2API、Vaultwarden、CyberStrikeAI、
  CPA Stack、TickFlow 维持“每主机一个运行时”的保守操作边界。文档补充共享二进制应用 TLS
  示例、各手写应用 HTTPS 边界、导出/导入限制、恢复与切换演练步骤和检查清单；README、应用与
  中央命令索引均已链接该手册。路线图将 P2 的实例/TLS/export-import 文档项标为完成。
- 验证 / Verified: Python 本地 Markdown 相对链接检查通过，`git diff --check` 通过。
  前一 P2-S1/P2-S2 代码批次的 GitHub Actions Verify run `33315360750`（head `3da2d08`）
  成功，syntax/release/dispatch/guards/shellcheck/e2e-smoke 全部通过，nightly-all 按 push
  触发条件跳过；本次文档批次将在后续 push 后接受独立 CI 确认。
- 提交 / Commit: 6638b72

## 2026-08-30（自主演进批次 P2-S2 续）
- 状态 / Status: completed
- 成果 / Change: 在共享 HTTP 探测之后继续下沉低层生命周期原语。新增
  `app_install_executable_file`（`lib/binary.sh`），统一可执行文件的临时落盘、
  mode/owner 校验与原子替换；共享 binary-app、Sub2API、Vaultwarden、
  CyberStrikeAI 的安装/回滚路径均委托该 helper，避免各自复制恢复实现。随后新增
  `backup_finalize_archive`（`lib/backup.sh`），统一 sha256 sidecar + manifest
  编排，Sub2API 手动 PostgreSQL/config/data 三类归档现在都会写入完整性元数据，
  写入失败会明确告警但不丢弃已经成功生成的归档。
- 验证 / Verified: 新增可执行文件 helper 的行为检查（包括同路径替换和 owner 失败
  fail-closed）及 backup finalize 行为/manifest 检查；`bash -n`、focused guards、
  `tools/verify.sh syntax`、`shellcheck`、`release` 与 `git diff --check` 通过；
  提交 hook 在含源码和 `dist/` 的提交前再次通过。前一文档 push 的 GitHub Actions
  Verify run `33315739478`（head `90a2798`）成功，syntax/release/dispatch/guards/
  shellcheck/e2e-smoke 全部通过，nightly-all 按 push 触发条件跳过。
- 提交 / Commit: 1c95499, 613e08e

## 2026-08-30（自主演进批次 P2-S2 守卫修复）
- 状态 / Status: completed
- 成果 / Change: CI 前本地全量 guards 暴露两处与新共享 helper 不一致的回归守卫：
  `app_install_executable_file` 在 Windows Git Bash 上不应以 Unix executable bit
  作为行为断言；CyberStrikeAI 与 Vaultwarden 的旧结构守卫也需要接受共享可执行文件
  staging helper。已分别改为跨平台文件存在性/owner 失败断言，并将两个结构守卫更新为
  同时验证共享委托与配置恢复契约。
- 验证 / Verified: `tools/verify.sh guards` 通过（输出 `Guards verification passed`）；
  focused helper、CyberStrikeAI/Vaultwarden guards、`git diff --check` 通过。guards 中
  `check_run_checks_parallel_cleans_tmpdir` 的 `check failed: fail_check` 仍是故意失败
  探测的预期内部输出，不影响最终结果。
- 提交 / Commit: db27578
## 2026-08-30（自主演进批次 P2-S2 续 2）
- 状态 / Status: completed
- 成果 / Change: 继续收敛共享备份/回滚原语。新增 `backup_validate_archive_members`，统一 gzip tar 可读性与路径遍历成员校验；`backup_restore_data_dir` 现在明确支持两种生命周期契约：传入 systemd unit 时负责 stop/start 与失败回滚，传入空 unit 时仅执行校验、原子数据目录替换和清理，由多构件应用自行管理服务生命周期。Sub2API 的数据恢复路径改为使用共享成员校验，并移除空 unit 下无效的 `systemctl` 调用。
- 验证 / Verified: 新增/更新共享恢复结构守卫与行为守卫（含 caller-managed 空 unit 不调用 systemctl）；`tools/verify.sh syntax`、focused backup guards、`tools/verify.sh shellcheck`、`git diff --check` 通过。完整 guards 在提交前因暂存源码与 dist 的 HEAD 尚未一致而正确拒绝，生成物与源码一并提交后 pre-commit 的 `tools/verify.sh release` 通过；完整 guards 应在干净提交后复跑。
- 提交 / Commit: 4086551

## 2026-08-30（自主演进批次 P2-S2 续 3）
- 状态 / Status: completed
- 成果 / Change: 继续收敛备份归档发布流程。新增 `backup_create_tar_archive`：使用归档旁的随机临时文件执行 gzip tar，只有 tar 成功后才原子移动到最终路径，失败会清理临时文件并保持既有归档不变。共享二进制应用的 `_ba_backup`、Sub2API 的 pre-update/manual config/data 归档、Vaultwarden 的手动归档均改为委托该 helper；独立 cron 生成脚本仍保留自包含实现，不强行引入运行时依赖。新增行为守卫覆盖成功发布、失败清理、既有归档保护、参数校验及委托关系。
- 验证 / Verified: `tools/verify.sh syntax`、`tools/verify.sh shellcheck`、focused backup guards、`git diff --check` 通过；干净提交后的 `tools/verify.sh guards` 通过。首次完整 guards 暴露旧守卫仍要求调用方直接写 sidecar/直接向 tar 重定向 stderr，已在守卫修复提交中改为识别共享 finalization/publisher 契约；最终输出 `Guards verification passed`。
- 提交 / Commit: f5ad69c, da1ccd6, c431589

## 2026-08-30（自主演进批次 P2-S2 续 4）
- 状态 / Status: completed
- 成果 / Change: 进一步统一备份保留期选择。新增 `backup_list_expired_archives`，集中规范 `BACKUP_KEEP_DAYS` 的非法值/零值处理、直接子文件筛选、NUL 分隔输出和 staging 文件排除；共享二进制应用与 Sub2API 手动备份的清理逻辑改为委托该 helper，同时保留各自的逐文件失败告警和本地化统计。
- 验证 / Verified: 新增行为守卫验证旧/新文件、嵌套目录、非法/零保留期和 NUL 安全；`tools/verify.sh syntax`、`tools/verify.sh shellcheck`、focused backup guards、`tools/verify.sh guards`、`git diff --check` 均通过。前一批推送的 GitHub Actions Verify run `33330962189`（head `8a68da9`）已通过 syntax/release/dispatch/guards/shellcheck/e2e-smoke，nightly-all 按 push 条件跳过；本批 retention 变更待本次 push 后接受新的远端 CI 验证。
- 提交 / Commit: 3769d12, 1b90add

## 2026-08-31（自主演进批次 P2-S2 续 5）
- 状态 / Status: completed
- 成果 / Change: 继续下沉 PostgreSQL gzip 备份的低层发布原语。新增
  `backup_create_gzip_archive`，由 helper 负责 producer stdout 的 gzip 临时落盘、
  producer/gzip 双重退出状态检查、成功后的原子发布和失败清理；因此 producer 失败时
  不会把部分 SQL dump 发布成最终归档，既有归档也保持不变。Sub2API 的手动备份与
  pre-update 静默备份均已委托该 helper，静默路径通过独立 wrapper 保留 pg_dump stderr
  的前缀诊断；生成的独立 cron 脚本继续保持自包含实现。
- 验证 / Verified: 新增 gzip helper 行为守卫，覆盖成功解压、producer 失败、gzip 失败、
  临时文件清理和既有归档保护，并更新 Sub2API stderr/委托结构守卫；`tools/verify.sh
  syntax`、`tools/verify.sh shellcheck`、focused gzip guards、`tools/verify.sh guards`、
  `tools/verify.sh release`（提交 hook）与 `git diff --check` 均通过。最新 retention
  变更的 GitHub Actions Verify run `33332418888` 已成功；本批 gzip 变更待后续 push
  后接受新的远端 CI 验证。
- 提交 / Commit: ff78aea

## 2026-08-31（自主演进批次 P2-S2 续 6）
- 状态 / Status: completed
- 成果 / Change: 修复共享保留期清理在归档已删除后遗留 `.sha256` 与
  `.manifest.json` sidecar 的问题。新增 `backup_remove_archive_with_metadata`，仅在归档
  删除成功后清理其完整性元数据，并将共享二进制生命周期与 Sub2API 手动备份的过期清理
  接入该 helper；sidecar 清理失败仍返回非零，由调用方保留逐文件告警语义。该改动没有
  迁移必须自包含的独立 cron 生成脚本。
- 验证 / Verified: 新增行为守卫覆盖归档、sidecar 和孤立 sidecar 清理；更新保留期结构
  守卫；`tools/verify.sh syntax`、`tools/verify.sh shellcheck`、focused metadata guard、
  `tools/verify.sh guards`、`tools/verify.sh release`（提交 hook）与 `git diff --check`
  均通过。本批源码已提交，待下一次批量 push 后接受 GitHub Actions 验证。
- 提交 / Commit: d0605a3


## 2026-08-31（自主演进批次 P2-S2 续 7）
- 状态 / Status: completed
- 成果 / Change: 继续以细粒度方式消除应用中的重复原子发布逻辑，而不合并应用生命周期。
  Vaultwarden 的二进制备份现委托 `atomic_copy_file`，保留其 Docker image、Web Vault、
  Nginx 与 certbot 的应用专有流程；Alist 在保留现有 JSON `awk` 变换、mode、owner 与
  本地化错误语义的前提下，将两条已有 `config.json` 更新路径统一委托
  `atomic_write_file`。相应结构守卫锁定 Alist 委托关系；另修复一个遗留的备份守卫，
  使其接受已采用共享 `atomic_copy_file` 的二进制备份契约。
- 验证 / Verified: Vaultwarden focused guard、Alist focused guard、`tools/verify.sh syntax`、
  `tools/verify.sh shellcheck`、`git diff --check` 与提交 hook 的 `tools/verify.sh release`
  均通过；干净提交上的 `tools/verify.sh guards` 通过。guards 的 chown/missing-tar/
  `fail_check` 诊断来自既有故意失败路径；最终输出为 `Guards verification passed`。
  本地 Docker Linux daemon 不可用，因此真实 Docker E2E 留待 Ubuntu GitHub Actions runner。
- 提交 / Commit: 82615fe, 3a4aab8, 4689a3f


## 2026-08-31（自主演进批次 P2-S2 续 8）
- 状态 / Status: completed
- 成果 / Change: 继续收敛自定义应用的配置发布原语。Sub2API 在非 apt 系统上向
  `/etc/nginx/nginx.conf` 补写 sites-enabled include 的路径，改为通过共享
  `atomic_write_file` 完成 mode 644/root:root 原子发布，保留 Nginx 检查失败后的 warning
  语义；同步守卫不再要求调用方复制 mktemp/mv 清理序列。Vaultwarden 的管理员令牌文件、
  初始敏感环境文件、Admin Token 哈希更新和 SIGNUPS_ALLOWED 更新均改为共享
  `atomic_write_file`，保留令牌不打印、目录 0700、文件 0600/root:root 约束及本地化错误。
- 验证 / Verified: Sub2API Nginx focused guard、Vaultwarden env/token focused guards、
  `tools/verify.sh syntax`、`tools/verify.sh shellcheck`、`tools/verify.sh guards`、
  `git diff --check` 与提交 hook 的 `tools/verify.sh release` 均通过。guards 中的 chown、
  缺失 tar、`fail_check` 和脱敏测试输出来自既有故意失败路径；本地 Docker Linux daemon
  不可用，真实 Docker E2E 留待 Ubuntu GitHub Actions runner。
- 提交 / Commit: 5001336, fc8acd2

## 2026-08-31（自主演进批次 P2-S2 续 9）
- 状态 / Status: completed
- 成果 / Change: 继续以小步方式复用共享配置发布原语。Vaultwarden 的 Fail2Ban jail/filter 配置写入现委托 `atomic_write_file`，保留 0644、`root:root`、调用方 heredoc 规则内容和本地化写入失败提示；不改变 Fail2Ban 目录准备、Nginx/Docker 服务生命周期或应用特有规则。通用 Fail2Ban guard 同时接受完整的既有私有暂存替换序列，或该具备同等 fail-closed owner 语义的共享原子发布契约，避免守卫反向要求重复实现。
- 验证 / Verified: focused Fail2Ban guard、`bash -n tools/checks/firewall-nginx.sh`、`tools/verify.sh syntax`、`tools/verify.sh shellcheck`、`tools/verify.sh guards` 与 `git diff --check` 均通过；guards 的 chown/missing-tar/`fail_check` 和脱敏输出来自既有故意失败路径，最终输出为 `Guards verification passed`。本地 Docker Linux daemon 不可用，真实 Docker E2E 仍由 GitHub Ubuntu runner 验证。本条仅记录 P2 的细粒度推进，P2 共同配置/锁/回滚/健康/备份原语总项仍未完成。
- 提交 / Commit: 3c11a2b, ff15864
## 2026-08-31（自主演进批次 P2-S2 续 10）
- 状态 / Status: completed
- 成果 / Change: 继续收敛回滚路径中的共享原语，同时保留应用专有生命周期。新增严格版 `atomic_copy_file_strict`：沿用同目录临时文件与原子替换，但 owner 变更失败时 fail-closed，且所有失败路径清理临时文件并保持既有目标不变。CyberStrikeAI 更新回滚的配置恢复改用该 helper；二进制恢复仍使用 `app_install_executable_file`，不改变其服务、配置模型或回滚编排。
- 验证 / Verified: 新增严格复制 helper 的行为守卫，覆盖内容/失败保留原目标/临时文件清理；更新共享 helper 静态守卫和 CyberStrikeAI 回滚守卫。`tools/verify.sh syntax`、`tools/verify.sh shellcheck`、`tools/verify.sh guards`、`git diff --check` 与提交 hook 的 release 验证均通过。guards 中的 chown/missing-tar/`fail_check` 和脱敏输出来自既有故意失败路径，最终输出为 `Guards verification passed`。本地 Docker Linux daemon 不可用，真实 Docker E2E 仍由 GitHub Ubuntu runner 验证。本条仅记录 P2 的细粒度推进，P2 共同配置/锁/回滚/健康/备份原语总项仍未完成。
- 提交 / Commit: eaaa69c
## 2026-08-31（自主演进批次 P2-S2 续 11）
- 状态 / Status: completed
- 成果 / Change: CyberStrikeAI 的 `/etc/cron.d` 计划任务配置改用共享 `atomic_write_file` 发布，保留 0644、`root:root`、原有任务内容与本地化错误提示；生成的独立备份脚本仍完全自包含，不在运行时依赖 `lib/backup.sh` 或其他仓库文件。通用 cron/logrotate guard 同时接受共享原子 publisher 或原有完整临时文件序列。
- 验证 / Verified: `bash -n`、`tools/verify.sh syntax`、`tools/verify.sh shellcheck`、`tools/verify.sh guards`、`git diff --check` 与提交 hook 的 release 验证均通过；guards 中的 chown/missing-tar/`fail_check` 和脱敏输出来自既有故意失败路径，最终输出为 `Guards verification passed`。本地 Docker Linux daemon 不可用，真实 Docker E2E 仍由 GitHub Ubuntu runner 验证。本条仅记录 P2 的细粒度推进，P2 共同配置/锁/回滚/健康/备份原语总项仍未完成。
- 提交 / Commit: 9b2c2ed
## 2026-08-31（自主演进批次 P2-S2 续 12）
- 状态 / Status: completed
- 成果 / Change: Vaultwarden 的 Certbot renewal 与自动备份两个 `/etc/cron.d` 配置文件改用共享 `atomic_write_file` 发布，保留 0644、`root:root`、原有 cron 内容和本地化错误语义；Certbot 仍优先使用 systemd timer，只有不存在 timer 时才写入独立 cron 文件。独立 Vaultwarden 备份脚本边界保持不变，仍为自包含运行时脚本。
- 验证 / Verified: Vaultwarden Certbot cron focused guard、通用 cron/logrotate guard、`bash -n`、`tools/verify.sh syntax`、`tools/verify.sh shellcheck`、`tools/verify.sh guards`、`git diff --check` 与提交 hook 的 release 验证均通过；guards 中的 chown/missing-tar/`fail_check` 和脱敏输出来自既有故意失败路径，最终输出为 `Guards verification passed`。本地 Docker Linux daemon 不可用，真实 Docker E2E 仍由 GitHub Ubuntu runner 验证。本条仅记录 P2 的细粒度推进，P2 共同配置/锁/回滚/健康/备份原语总项仍未完成。
- 提交 / Commit: 4e58b90
## 2026-08-31（自主演进批次 P2-S2 续 13）
- 状态 / Status: completed
- 成果 / Change: Sub2API 的 `/etc/cron.d/sub2api-backup` 配置改用共享 `atomic_write_file` 发布，保留 0644、`root:root`、原有备份计划和本地化错误提示；独立 Sub2API 备份脚本仍保持自包含，PostgreSQL/config/data 的应用专有备份与 sidecar 逻辑未被合并或削弱。通用 cron/logrotate guard 现覆盖共享 publisher 与既有暂存实现。
- 验证 / Verified: `bash -n`、`tools/verify.sh syntax`、`tools/verify.sh shellcheck`、`tools/verify.sh guards`、`git diff --check` 与提交 hook 的 release 验证均通过；guards 中的 chown/missing-tar/`fail_check` 和脱敏输出来自既有故意失败路径，最终输出为 `Guards verification passed`。本地 Docker Linux daemon 不可用，真实 Docker E2E 仍由 GitHub Ubuntu runner 验证。本条仅记录 P2 的细粒度推进，P2 共同配置/锁/回滚/健康/备份原语总项仍未完成。
- 提交 / Commit: 493af6b
## 2026-08-31（自主演进批次 P2-S2 续 14）
- 状态 / Status: completed
- 成果 / Change: Vaultwarden 的 `/etc/logrotate.d/vaultwarden` 配置改用共享 `atomic_write_file` 发布，保留 0644、`root:root`、Rocket 日志轮转策略、注释内容和本地化错误/成功语义；不改变 Nginx、Fail2Ban、Docker 或备份脚本生命周期。通用 cron/logrotate guard 同时接受共享原子 publisher 与既有暂存实现。
- 验证 / Verified: focused cron/logrotate guard、`bash -n`、`tools/verify.sh syntax`、`tools/verify.sh shellcheck`、`tools/verify.sh guards`、`git diff --check` 与提交 hook 的 release 验证均通过；guards 中的 chown/missing-tar/`fail_check` 和脱敏输出来自既有故意失败路径，最终输出为 `Guards verification passed`。GitHub Verify `33353715648`（Sub2API cron 之前一批）已成功；本次 Vaultwarden logrotate 将随下一次推送接受 GitHub Ubuntu runner 的完整 E2E 验证。本地 Docker Linux daemon 不可用。本条仅记录 P2 的细粒度推进，P2 共同配置/锁/回滚/健康/备份原语总项仍未完成。
- 提交 / Commit: d17e84f
## 2026-08-31（自主演进批次 P2-S2 续 15）
- 状态 / Status: completed
- 成果 / Change: 新增共享 `atomic_write_command_file`，用于“命令生成 stdout → 校验命令成功 → 同目录临时文件 → 权限/owner → 原子替换”的发布契约，生产命令失败时 fail-closed 且不覆盖既有目标。Sub2API PostgreSQL APT keyring、Redis APT keyring 及两套 APT source list 现委托该共享原语/`atomic_write_file`；保留目录准备、仓库 URL、key 转换、包安装与服务启动等应用专有语义。独立备份脚本仍未引入运行时库依赖。
- 验证 / Verified: 新增命令发布 helper 行为测试，覆盖成功内容、生产命令失败时保留原目标和临时文件清理；更新共享 helper 静态守卫及 Sub2API keyring/source guards。`bash -n`、`tools/verify.sh syntax`、`tools/verify.sh shellcheck`、`tools/verify.sh guards`、`git diff --check` 与提交 hook 的 release 验证均通过；guards 中的 chown/missing-tar/`fail_check` 和脱敏输出来自既有故意失败路径，最终输出为 `Guards verification passed`。本地 Docker Linux daemon 不可用，真实 Docker E2E 仍由 GitHub Ubuntu runner 验证。本条仅记录 P2 的细粒度推进，P2 共同配置/锁/回滚/健康/备份原语总项仍未完成。
- 提交 / Commit: 9beec10
## 2026-08-31（自主演进批次 P2-S2 续 16）
- 状态 / Status: completed
- 成果 / Change: 新增共享 `backup_restore_directory`，统一“归档校验 → 同父目录 aside 暂存 → 解压 → 目录交换 → 失败恢复”的 caller-managed 目录恢复契约；Sub2API 的 config 多 artifact restore 改用该 helper，保留其服务停止/启动、数据库 `psql` 恢复和多产物编排。与此同时，修复 `backup_restore_data_dir` 在 caller-managed 模式下失败时直接 `error/exit` 的问题，使 Sub2API 能在数据恢复失败后先恢复服务再报告错误；并修复 bare payload 被临时目录清理误删的边界。
- 验证 / Verified: 新增目录恢复行为守卫，覆盖顶层目录 payload、bare payload、校验失败时保留旧配置和临时目录清理；更新 Sub2API restore 结构守卫。`bash -n`、`tools/verify.sh syntax`、`tools/verify.sh shellcheck`、focused restore guards、干净提交上的 `tools/verify.sh guards`、`git diff --check` 与提交 hook 的 release 验证均通过。guards 中的 chown/missing-tar/`fail_check` 和脱敏输出来自既有故意失败路径，最终输出为 `Guards verification passed`。本地 Docker Linux daemon 不可用，真实 Docker E2E 待本批推送后由 GitHub Ubuntu runner 验证。本条仅记录 P2 的细粒度推进，P2 共同配置/锁/回滚/健康/备份原语总项仍未完成。
- 提交 / Commit: 2d72a78

## 2026-08-31（自主演进批次 P2-S2 续 17）
- 状态 / Status: completed
- 成果 / Change: 将共享部署配置写入进一步收敛为“内容 producer → `atomic_write_command_file`”契约。新增 `_write_config_file_content` 负责逐项脱敏并生成配置内容，`write_config_file` 由共享命令发布器统一完成同目录临时文件、0600、root:root 和原子替换；producer 失败时不会发布部分配置，也不会覆盖既有目标。保留所有现有配置键、格式和失败语义，没有改变应用生命周期。
- 验证 / Verified: 新增/更新配置守卫，覆盖 producer 脱敏输出、权限失败、owner 失败、producer 失败时旧文件保护和临时文件清理；`bash -n`、`tools/verify.sh syntax`、`tools/verify.sh shellcheck`、focused config guards、干净提交上的 `tools/verify.sh guards`、`git diff --check` 与提交 hook 的 release 验证均通过。guards 中的 chown/missing-tar/`fail_check` 和脱敏输出来自既有故意失败路径，最终输出为 `Guards verification passed`。本地 Docker Linux daemon 不可用，真实 Docker E2E 待本批推送后由 GitHub Ubuntu runner 验证。本条仅记录 P2 的细粒度推进，P2 共同配置/锁/回滚/健康/备份原语总项仍未完成。
- 提交 / Commit: d51d137

## 2026-08-31（自主演进批次 P2-S2 续 18）
- 状态 / Status: completed
- 成果 / Change: 为多 artifact Sub2API restore 增加共享 `backup_validate_gzip_archive`，在停止服务和触碰 data/config 前校验数据库 gzip 归档；带完整性 sidecar 时同时校验 SHA-256/manifest，无 sidecar 的旧归档仍兼容但必须通过 `gzip -t`。这样损坏的 SQL dump 不会在恢复阶段才由 `gunzip | psql` 暴露，且不会污染已完成的 data/config 恢复。
- 验证 / Verified: 新增 gzip restore 行为守卫，覆盖有效 pre-manifest gzip、损坏 gzip 和 sidecar 不匹配；更新 Sub2API restore 结构守卫。`bash -n`、`tools/verify.sh syntax`、`tools/verify.sh shellcheck`、focused restore guards、干净提交上的 `tools/verify.sh guards`、`git diff --check` 与提交 hook 的 release 验证均通过。guards 中的 chown/missing-tar/`fail_check` 和脱敏输出来自既有故意失败路径，最终输出为 `Guards verification passed`。本地 Docker Linux daemon 不可用，真实 Docker E2E 待本批推送后由 GitHub Ubuntu runner 验证。本条仅记录 P2 的细粒度推进，P2 共同配置/锁/回滚/健康/备份原语总项仍未完成。
- 提交 / Commit: f8670bc

## 2026-08-31（自主演进批次 P2-S2 续 19）
- 状态 / Status: completed
- 成果 / Change: 修复 Sub2API 多 artifact restore 的数据库失败语义。数据库导入改为以 `psql -v ON_ERROR_STOP=1` 执行；发现 SQL 错误、缺少 `psql` 或缺少 `PG_DSN` 时，不再在 data/config 已恢复后仅告警并报告成功。实现会先尝试重启已停止的服务以恢复诊断可达性，随后以本地化错误非零退出，并明确 PostgreSQL 导入可能已部分执行、不能伪造可自动回滚。data/config 的既有归档恢复和数据库的应用特有数据模型仍保持分离。
- 验证 / Verified: 新增 Sub2API focused guards，静态锁定 `ON_ERROR_STOP=1`、服务重启和 fail-closed 文案；行为守卫通过真实 data tar 与 gzip SQL artifact 配合失败 `psql` stub 验证 nonzero exit、stop/start 顺序、data 恢复和精确的 psql 参数。`tools/verify.sh syntax`、`tools/verify.sh shellcheck`、干净提交上的 `tools/verify.sh guards`、`git diff --check` 与提交 hook 的 release 验证均通过；guards 的 chown/missing-tar/`fail_check`、脱敏输出和 package-release warning 来自既有故意失败路径，最终输出为 `Guards verification passed`。本地 Docker Linux daemon 不可用，真实 Docker E2E 继续由后续 GitHub Ubuntu runner 验证。本条仅记录 P2 的细粒度推进，P2 共同配置/锁/回滚/健康/备份原语总项仍未完成。
- 提交 / Commit: 9ad2072

## 2026-08-31（自主演进批次 P2-S2 续 20）
- 状态 / Status: completed
- 成果 / Change: 在不改变独立 cron 脚本运行时自包含边界的前提下，Sub2API 安装阶段生成 `/usr/local/bin/sub2api-backup` 时改为委托共享 `atomic_write_file`。发布器统一负责同目录临时文件、0750、root:root、原子替换和失败清理，避免调用方继续维护手写 `mktemp`/`chmod`/`chown`/`mv` 序列；生成后的脚本仍不 source 运行时共享库，数据库凭据仍只保存在 root-only 的 `.pg_dsn` 文件中。
- 验证 / Verified: 新增静态守卫锁定共享原子发布且禁止旧调用方临时文件；新增行为守卫，以 stub 捕获两次发布的目标/权限/owner，验证 `.pg_dsn` 维持 0600 root:root、独立脚本维持 0750 root:root、生成内容保留 `set -euo pipefail` 且不依赖 `lib/backup.sh`。focused Sub2API guards、`tools/verify.sh syntax`、`tools/verify.sh shellcheck`、干净提交上的 `tools/verify.sh guards`、`git diff --check` 与提交 hook 的 release 验证均通过；guards 的 chown/missing-tar/`fail_check`、脱敏输出和 package-release warning 来自既有故意失败路径，最终输出为 `Guards verification passed`。本地 Docker Linux daemon 不可用，真实 Docker E2E 继续由后续 GitHub Ubuntu runner 验证。本条仅记录 P2 的细粒度推进，P2 共同配置/锁/回滚/健康/备份原语总项仍未完成。
- 提交 / Commit: 9e20a6b

## 2026-08-31（自主演进批次 P2-S2 续 21）
- 状态 / Status: completed
- 成果 / Change: Vaultwarden 与 CyberStrikeAI 的安装阶段在发布各自独立的 root cron 备份脚本时，统一委托共享 `atomic_write_file`。发布器负责同目录临时文件、目标权限/owner、原子替换和失败清理：两者生成的 `/usr/local/bin/*-backup` 脚本均保持 0750、`root:root`；CyberStrikeAI 的 `/etc/cron.d` 任务仍独立以 0644、`root:root` 发布。生成后的脚本继续完全自包含，不在目标主机运行时 source `lib/backup.sh`，并保留各应用既有 SQLite 检查、sidecar、日志、路径转义及错误语义。
- 验证 / Verified: 新增 Vaultwarden/CyberStrikeAI focused 行为守卫，捕获脚本与 cron 的发布参数、验证生成脚本的 shebang、`set -euo pipefail`、安装/日志路径、自包含边界以及 `bash -n`。`tools/verify.sh syntax`、`tools/verify.sh shellcheck`、`tools/verify.sh release`、`tools/verify.sh dispatch`、串行 `PARALLEL_JOBS=1 tools/verify.sh guards`、`git diff --check` 与提交 hook 的 release 验证均通过；此前 `check_doctor_all_target` 的并行 guards 单次失败经单独命令和串行完整 guards 复验未重现。guards 中的 chown/missing-tar/`fail_check`、脱敏输出和 package-release warning 来自既有故意失败路径。本地 Docker Linux daemon 不可用，真实 Docker E2E 继续由 GitHub Ubuntu runner 验证。本条仅记录 P2 的细粒度推进，P2 共同配置/锁/回滚/健康/备份原语总项仍未完成。
- 提交 / Commit: 4b9feaf, d96333d

## 2026-08-31（自主演进批次 P2-S2 续 22）
- 状态 / Status: completed
- 成果 / Change: 共享 `binary_app` 的一键 HTTPS 流程在写入 `/etc/cron.d/certbot-renew` 时改用 `atomic_write_file`，由共享发布器统一负责目录准备、同目录暂存、0644、`root:root`、原子替换和失败清理；不再由通用 TLS 流程重复维护 `mktemp`/`chmod`/`chown`/`mv` 序列。保留原有 Certbot renewal 命令、Nginx reload hook、错误提示和所有应用共享该流程的行为。
- 验证 / Verified: 新增并注册 binary-app Certbot cron 发布契约守卫；`bash -n`、focused cron/logrotate guards、`tools/verify.sh syntax`、`tools/verify.sh shellcheck`、提交 hook 的 release 验证与串行 `PARALLEL_JOBS=1 tools/verify.sh guards` 均通过，最终输出为 `Guards verification passed`。guards 中的 chown/missing-tar/`fail_check`、脱敏输出和 package-release warning 来自既有故意失败路径。本地 Docker Linux daemon 不可用，真实 Docker E2E 继续由 GitHub Ubuntu runner 验证。本条仅记录 P2 的细粒度推进，P2 共同配置/锁/回滚/健康/备份原语总项仍未完成。
- 提交 / Commit: 53a4b9f, 924fea9

## 2026-08-31（自主演进批次 P2-S2 续 23）
- 状态 / Status: completed
- 成果 / Change: 共享防火墙流程在没有 `netfilter-persistent`、改用 `iptables-save` 持久化规则时，改为调用 `atomic_write_command_file` 发布 `/etc/iptables/rules.v4`。共享发布器负责目录准备、命令输出暂存、0644、`root:root`、原子替换和失败清理；保留 iptables 规则添加成功后对持久化失败的 warning 语义，以及既有成功/失败诊断，不改变 UFW、firewalld 或 netfilter-persistent 分支。
- 验证 / Verified: 更新 iptables 原子发布守卫，兼容共享 command publisher 契约并继续拒绝直接覆盖；focused guard、`bash -n`、`tools/verify.sh syntax`、`tools/verify.sh shellcheck`、提交 hook 的 release 验证均通过。完整 guards 将在本批后续再次执行；本地 Docker Linux daemon 不可用，真实 Docker E2E 继续由 GitHub Ubuntu runner 验证。本条仅记录 P2 的细粒度推进，P2 共同配置/锁/回滚/健康/备份原语总项仍未完成。
- 提交 / Commit: 39cfd66

## 2026-08-31（自主演进批次 P2-S2 续 24）
- 状态 / Status: completed
- 成果 / Change: CPA Stack 安装两个组件二进制时，已有目标文件的回滚副本不再直接使用 `cp -a` 写入最终备份路径，改为共享 `atomic_copy_file` 进行同目录暂存和原子替换；保留原有备份失败即中止、二进制安装失败后的回滚编排及应用专属 owner/路径语义。该步只收敛回滚备份的文件发布边界，不合并 CPA Stack 的多组件数据恢复模型。
- 验证 / Verified: 新增并注册 CPA Stack 二进制回滚备份守卫；focused guard、`bash -n`、提交 hook 的 release 验证、串行 `PARALLEL_JOBS=1 tools/verify.sh guards` 和 `git diff --check` 均通过，最终输出为 `Guards verification passed`。guards 中的 chown/missing-tar/`fail_check`、脱敏输出和 package-release warning 来自既有故意失败路径。本地 Docker Linux daemon 不可用，真实 Docker E2E 继续由 GitHub Ubuntu runner 验证。本条仅记录 P2 的细粒度推进，P2 共同配置/锁/回滚/健康/备份原语总项仍未完成。
- 提交 / Commit: 807ef99

## 2026-08-31（自主演进批次 P2-S2 续 25）
- 状态 / Status: completed
- 成果 / Change: 卸载前配置导出改用共享 `atomic_copy_file`，导出文件仍写入备份目录或原配置目录、保持 0600 权限，并保留该流程 best-effort、失败仅 warning 且不阻断卸载的用户可见语义。该改动只收敛共享 CLI 配置导出的文件发布方式，不改变配置格式和导入路径。
- 验证 / Verified: 新增并注册配置导出原子复制守卫，拒绝直接 `cp` 覆盖；focused guard、`bash -n`、`tools/verify.sh syntax`、`tools/verify.sh shellcheck`、提交 hook 的 release 验证均通过。完整 guards 将在本批后续再次执行；本地 Docker Linux daemon 不可用，真实 Docker E2E 继续由 GitHub Ubuntu runner 验证。本条仅记录 P2 的细粒度推进，P2 共同配置/锁/回滚/健康/备份原语总项仍未完成。
- 提交 / Commit: 7aa0b94
## 2026-08-31（自主演进批次 P2-S2 续 26）
- 状态 / Status: completed
- 成果 / Change: NewAPI 独立备份脚本与 `/etc/cron.d/new-api-backup` 现改用共享 `atomic_write_file` 发布，分别保持 0700/0644 与 `root:root`，并保留脚本自包含运行时边界、SQLite WAL quiescing、归档保留期和本地化错误提示语义。同步更新通用备份脚本 guard，使其兼容共享原子发布契约，同时继续覆盖旧式暂存/替换路径；新增 NewAPI 行为级发布契约检查，验证目标、权限、owner、生成脚本语法、shell-quoted 路径和 cron 内容。
- 验证 / Verified: `bash -n`、`tools/verify.sh syntax`、`tools/verify.sh shellcheck`、`tools/verify.sh release`、focused NewAPI/通用备份 guards、串行 `PARALLEL_JOBS=1 tools/verify.sh guards` 与 `git diff --check` 均通过，最终输出为 `Guards verification passed`。guards 中的 chown/missing-tar/`fail_check`、脱敏输出和 package-release warning 来自既有故意失败路径。本地 Docker Linux daemon 不可用，真实 Docker E2E 继续由 GitHub Ubuntu runner 验证。本条仅记录 P2 的细粒度推进，P2 共同配置/锁/回滚/健康/备份原语总项仍未完成。
- 提交 / Commit: 3a11068
## 2026-08-31（自主演进批次 P2-S2 续 27）
- 状态 / Status: completed
- 成果 / Change: `backup_create_tar_archive` 现明确在发布前将暂存 tar 归档设为私有 0600，并在权限设置失败时清理暂存文件、不覆盖现有归档。TickFlow 手动备份移除重复的 tar/权限/移动编排，改用该共享归档 publisher 和 `backup_finalize_archive`；保留 data、`tiers.yaml`、`.env` 源检查、原有本地化错误提示，以及完整性元数据失败仅 warning 的语义。同步扩展 helper/委托 guards。另将 `doctor-all` guard 改为在受控的 manager status stub 下经 `manager_main` 验证路由和 no-probe/no-network 契约，不再依赖开发机本地安装状态。
- 验证 / Verified: 共享 tar helper focused 测试覆盖成功、tar 失败和 chmod 失败时的原归档保留/临时文件清理；TickFlow 发布/完整性 guard、`doctor-all` guard、`tools/verify.sh syntax`、`tools/verify.sh shellcheck`、提交 hook 的 release 验证、串行 `PARALLEL_JOBS=1 tools/verify.sh guards` 与 `git diff --check` 均通过，最终输出为 `Guards verification passed`。guards 中的 chown/missing-tar/`fail_check`、脱敏输出和 package-release warning 来自既有故意失败路径。本地 Docker Linux daemon 不可用，真实 Docker E2E 继续由 GitHub Ubuntu runner 验证。本条仅记录 P2 的细粒度推进，P2 共同配置/锁/回滚/健康/备份原语总项仍未完成。
- 提交 / Commit: f801c8a, e29d994
## 2026-08-31（自主演进批次 P2-S2 续 28）
- 状态 / Status: completed
- 成果 / Change: CPA Stack 二进制安装在已经通过共享 `atomic_copy_file` 完成暂存、权限和 owner 处理前不会替换现有目标；因此失败分支不再额外用直接 `cp -a` 覆盖目标，避免回滚路径绕过原子发布契约。新增行为级 guard，验证已有目标在发布失败时保持不变、备份仍由共享复制器生成，且不会调用直接复制；静态 guard 同时保留备份/发布错误语义检查。
- 验证 / Verified: CPA Stack focused guard、`bash -n`、`tools/verify.sh syntax`、`tools/verify.sh shellcheck`、提交 hook 的 release 验证、串行 `PARALLEL_JOBS=1 tools/verify.sh guards` 与 `git diff --check` 均通过，最终输出为 `Guards verification passed`。guards 中的 chown/missing-tar/`fail_check`、脱敏输出和 package-release warning 来自既有故意失败路径。本地 Docker Linux daemon 不可用，真实 Docker E2E 继续由 GitHub Ubuntu runner 验证。本条仅记录 P2 的细粒度推进，P2 共同配置/锁/回滚/健康/备份原语总项仍未完成。
- 提交 / Commit: e91869a
